// Jest Snapshot v1, https://goo.gl/fbAQLP

exports[`Default Long Button renders in dark mode 1`] = `
<View
  accessibilityState={
    {
      "busy": undefined,
      "checked": undefined,
      "disabled": undefined,
      "expanded": undefined,
      "selected": undefined,
    }
  }
  accessibilityValue={
    {
      "max": undefined,
      "min": undefined,
      "now": undefined,
      "text": undefined,
    }
  }
  accessible={true}
  collapsable={false}
  focusable={true}
  onClick={[Function]}
  onResponderGrant={[Function]}
  onResponderMove={[Function]}
  onResponderRelease={[Function]}
  onResponderTerminate={[Function]}
  onResponderTerminationRequest={[Function]}
  onStartShouldSetResponder={[Function]}
  style={
    {
      "alignItems": "center",
      "backgroundColor": "#7E7E7E",
      "borderRadius": 32,
      "flexDirection": "row",
      "height": 48,
      "justifyContent": "center",
      "opacity": 1,
      "width": 320,
    }
  }
>
  <Text
    style={
      {
        "color": "#FFFFFF",
        "fontFamily": "System",
        "fontSize": 12,
        "fontWeight": "400",
      }
    }
  >
    Add
  </Text>
  <View>
    <Text
      allowFontScaling={false}
      selectable={false}
      style={
        [
          {
            "color": "#000000",
            "fontSize": 24,
          },
          undefined,
          {
            "fontFamily": "material",
            "fontStyle": "normal",
            "fontWeight": "normal",
          },
          {},
        ]
      }
    >
      î……
    </Text>
  </View>
</View>
`;

exports[`Default Long Button renders in light mode 1`] = `
<View
  accessibilityState={
    {
      "busy": undefined,
      "checked": undefined,
      "disabled": undefined,
      "expanded": undefined,
      "selected": undefined,
    }
  }
  accessibilityValue={
    {
      "max": undefined,
      "min": undefined,
      "now": undefined,
      "text": undefined,
    }
  }
  accessible={true}
  collapsable={false}
  focusable={true}
  onClick={[Function]}
  onResponderGrant={[Function]}
  onResponderMove={[Function]}
  onResponderRelease={[Function]}
  onResponderTerminate={[Function]}
  onResponderTerminationRequest={[Function]}
  onStartShouldSetResponder={[Function]}
  style={
    {
      "alignItems": "center",
      "backgroundColor": "#7E7E7E",
      "borderRadius": 32,
      "flexDirection": "row",
      "height": 48,
      "justifyContent": "center",
      "opacity": 1,
      "width": 320,
    }
  }
>
  <Text
    style={
      {
        "color": "#000000",
        "fontFamily": "System",
        "fontSize": 12,
        "fontWeight": "400",
      }
    }
  >
    Add
  </Text>
  <View>
    <Text />
  </View>
</View>
`;
