// Jest Snapshot v1, https://goo.gl/fbAQLP

exports[`Default Icon renders in dark mode 1`] = `
<View>
  <View />
</View>
`;

exports[`Default Icon renders in light mode 1`] = `
<View>
  <View />
</View>
`;
